Name                  Stmts   Miss  Cover
-----------------------------------------
src/__init__.py           0      0   100%
src/k3x/__init__.py       3      0   100%
src/k3x/module1.py       14      3    79%
src/k3x/version.py        4      1    75%
-----------------------------------------
TOTAL                    21      4    81%
